[dotenv@17.3.1] injecting env (15) from .env.local -- tip: ⚙️  suppress all logs with { quiet: true }

╔══════════════════════════════════════════════════════════════╗
║  🧪  WeDecide Deploy — Staging                                   ║
╚══════════════════════════════════════════════════════════════╝

  Environment:  Staging
  Using:        STAGING_DATABASE_URL
  Database:     postgresql://postgres.bxiylyhkxdyreveervhj:****@aws-1-ap-south-1.pooler.supabase.com:5432/postgres?sslmode=no-verify
  Mode:         ▶️  LIVE

  📁 Found 10 migration(s) in supabase/migrations/
  ✅ Connected to database.

  📋 Pending migrations (10):
     1. 20260101000000_pivot_to_strategic_governance.sql
     2. 20260228085344_phase_5_telemetry.sql
     3. 20260306063600_relax_ledger_rls.sql
     4. 20260309212000_secure_rls_warnings.sql
     5. 20260310000000_phase_6_ambition_vs_reality.sql
     6. 20260311000000_phase_6_purge_cron.sql
     7. 20260311500000_phase_7_revenue.sql
     8. 20260312000000_phase_7_5_calibration_alignment.sql
     9. 20260322115100_align_staging_rls.sql
     10. 20260322120000_cleanup_old_auth_policies.sql

  ▶️  Applying: 20260101000000_pivot_to_strategic_governance.sql

  ⚠️  Deploy incomplete. Fix the failing migration and re-run.
     ❌ FAILED: relation "organizations" does not exist
     ⏹️  Stopping — 0 migration(s) applied before failure.
